// Jest Snapshot v1, https://goo.gl/fbAQLP

exports[`<CircleCheck/> should render CircleCheck as expected 1`] = `
<ContextConsumer>
  <Component />
</ContextConsumer>
`;
