// Jest Snapshot v1, https://goo.gl/fbAQLP

exports[`<DebuggerApp/> should render DebuggerApp as expected 1`] = `
ShallowWrapper {
  Symbol(enzyme.__root__): [Circular],
  Symbol(enzyme.__unrendered__): <DebuggerApp />,
  Symbol(enzyme.__renderer__): Object {
    "batchedUpdates": [Function],
    "getNode": [Function],
    "render": [Function],
    "simulateError": [Function],
    "simulateEvent": [Function],
    "unmount": [Function],
  },
  Symbol(enzyme.__node__): Object {
    "instance": null,
    "key": undefined,
    "nodeType": "host",
    "props": Object {
      "children": Array [
        <ListPane
          events={Array []}
          handleEventSelected={[Function]}
          handlePauseChange={[Function]}
          handleSearchFilter={[Function]}
          onClick={[Function]}
        />,
        <DetailsPane />,
      ],
      "style": Object {
        "display": "flex",
        "flex": 1,
        "height": "100%",
      },
    },
    "ref": null,
    "rendered": Array [
      Object {
        "instance": null,
        "key": undefined,
        "nodeType": "class",
        "props": Object {
          "events": Array [],
          "handleEventSelected": [Function],
          "handlePauseChange": [Function],
          "handleSearchFilter": [Function],
          "onClick": [Function],
          "selectedEvent": undefined,
        },
        "ref": null,
        "rendered": null,
        "type": [Function],
      },
      Object {
        "instance": null,
        "key": undefined,
        "nodeType": "class",
        "props": Object {
          "selectedEvent": undefined,
        },
        "ref": null,
        "rendered": null,
        "type": [Function],
      },
    ],
    "type": "div",
  },
  Symbol(enzyme.__nodes__): Array [
    Object {
      "instance": null,
      "key": undefined,
      "nodeType": "host",
      "props": Object {
        "children": Array [
          <ListPane
            events={Array []}
            handleEventSelected={[Function]}
            handlePauseChange={[Function]}
            handleSearchFilter={[Function]}
            onClick={[Function]}
          />,
          <DetailsPane />,
        ],
        "style": Object {
          "display": "flex",
          "flex": 1,
          "height": "100%",
        },
      },
      "ref": null,
      "rendered": Array [
        Object {
          "instance": null,
          "key": undefined,
          "nodeType": "class",
          "props": Object {
            "events": Array [],
            "handleEventSelected": [Function],
            "handlePauseChange": [Function],
            "handleSearchFilter": [Function],
            "onClick": [Function],
            "selectedEvent": undefined,
          },
          "ref": null,
          "rendered": null,
          "type": [Function],
        },
        Object {
          "instance": null,
          "key": undefined,
          "nodeType": "class",
          "props": Object {
            "selectedEvent": undefined,
          },
          "ref": null,
          "rendered": null,
          "type": [Function],
        },
      ],
      "type": "div",
    },
  ],
  Symbol(enzyme.__options__): Object {
    "adapter": ReactSixteenAdapter {
      "options": Object {
        "enableComponentDidUpdateOnSetState": true,
        "lifecycles": Object {
          "componentDidUpdate": Object {
            "onSetState": true,
          },
          "getDerivedStateFromProps": true,
          "getSnapshotBeforeUpdate": true,
          "setState": Object {
            "skipsComponentDidUpdateOnNullish": true,
          },
        },
      },
    },
    "attachTo": undefined,
    "hydrateIn": undefined,
  },
}
`;
