// Jest Snapshot v1, https://goo.gl/fbAQLP

exports[`<SelectEvent/> should render SelectEvent as expected 1`] = `
<ContextConsumer>
  <Component />
</ContextConsumer>
`;
